


ARM Macro Assembler    Page 1 


    1 00000000                 AREA             RESET, DATA, READONLY
    2 00000000                 EXPORT           __Vectors
    3 00000000         __Vectors
    4 00000000 10001000        DCD              0X10001000  ;Stack pointer valu
                                                            e when stack is emp
                                                            ty
    5 00000004 00000000        DCD              Reset_Handler ;Reset vectors
    6 00000008                 ALIGN
    7 00000008                 AREA             mycode, CODE, READONLY
    8 00000000                 ENTRY
    9 00000000                 EXPORT           Reset_Handler
   10 00000000         Reset_Handler
   11 00000000 4806            LDR              R0, =N
   12 00000002 4907            LDR              R1, =DST
   13 00000004 F04F 0305       MOV              R3, #5
   14 00000008 F850 2B04 
                       BACK    LDR              R2, [R0],#4
   15 0000000C F841 2B04       STR              R2, [R1],#4
   16 00000010 F1A3 0301       SUB              R3,#1
   17 00000014 2B00            CMP              R3, #0
   18 00000016 D1F7            BNE              BACK        ;branch when not eq
                                                            ual , BEQ: branch w
                                                            hen it is equal 
   19 00000018 600A            STR              R2, [R1]
   20 0000001A         STOP
   21 0000001A E7FE            B                STOP
   22 0000001C 00000000 
              00000000         AREA             mydata, DATA, READWRITE
   23 00000000 12345678 
              0000006A 
              00000234 
              0000049C 
              000A13BC N       DCD              0X12345678, 0x6A, 0X234,0X49C,0
XA13BC
   24 00000014 00000000 
              00000000 
              00000000 
              00000000 
              00000000 DST     DCD              0,0,0,0,0
   25 00000028                 END
Command Line: --debug --xref --cpu=Cortex-M3 --apcs=interwork --depend=project3
_part4.d -oproject3_part4.o -IC:\Keil\ARM\RV31\INC -IC:\Keil\ARM\CMSIS\Include 
-IC:\Keil\ARM\Inc\NXP\LPC17xx --predefine="__EVAL SETA 1" --list=project3_part4
.lst project3_part4.asm



ARM Macro Assembler    Page 1 Alphabetic symbol ordering
Relocatable symbols

RESET 00000000

Symbol: RESET
   Definitions
      At line 1 in file project3_part4.asm
   Uses
      None
Comment: RESET unused
__Vectors 00000000

Symbol: __Vectors
   Definitions
      At line 3 in file project3_part4.asm
   Uses
      At line 2 in file project3_part4.asm
Comment: __Vectors used once
2 symbols



ARM Macro Assembler    Page 1 Alphabetic symbol ordering
Relocatable symbols

BACK 00000008

Symbol: BACK
   Definitions
      At line 14 in file project3_part4.asm
   Uses
      At line 18 in file project3_part4.asm
Comment: BACK used once
Reset_Handler 00000000

Symbol: Reset_Handler
   Definitions
      At line 10 in file project3_part4.asm
   Uses
      At line 5 in file project3_part4.asm
      At line 9 in file project3_part4.asm

STOP 0000001A

Symbol: STOP
   Definitions
      At line 20 in file project3_part4.asm
   Uses
      At line 21 in file project3_part4.asm
Comment: STOP used once
mycode 00000000

Symbol: mycode
   Definitions
      At line 7 in file project3_part4.asm
   Uses
      None
Comment: mycode unused
4 symbols



ARM Macro Assembler    Page 1 Alphabetic symbol ordering
Relocatable symbols

DST 00000014

Symbol: DST
   Definitions
      At line 24 in file project3_part4.asm
   Uses
      At line 12 in file project3_part4.asm
Comment: DST used once
N 00000000

Symbol: N
   Definitions
      At line 23 in file project3_part4.asm
   Uses
      At line 11 in file project3_part4.asm
Comment: N used once
mydata 00000000

Symbol: mydata
   Definitions
      At line 22 in file project3_part4.asm
   Uses
      None
Comment: mydata unused
3 symbols
342 symbols in table
